Startpoint: rst (input port clocked by myclk)
Endpoint: _327_ (rising edge-triggered flip-flop clocked by myclk)
Path Group: myclk
Path Type: min

Fanout      Cap     Slew    Delay     Time   Description
--------------------------------------------------------------------------------
                  0.000    0.000    0.000   clock myclk (rise edge)
                           3.000    3.000   clock network delay (ideal)
                           1.000    4.000 ^ input external delay
                  0.200    0.000    4.000 ^ rst (in)
   13    0.027                              rst (net)
                  0.200    0.000    4.000 ^ _144_/B1 (sky130_fd_sc_hd__a21oi_1)
                  0.046    0.133    4.133 v _144_/Y (sky130_fd_sc_hd__a21oi_1)
    1    0.001                              _067_ (net)
                  0.046    0.000    4.133 v _327_/D (sky130_fd_sc_hd__dfxtp_1)
                                    4.133   data arrival time

                  0.000    0.000    0.000   clock myclk (rise edge)
                           3.000    3.000   clock network delay (ideal)
                           0.100    3.100   clock uncertainty
                           0.000    3.100   clock reconvergence pessimism
                                    3.100 ^ _327_/CLK (sky130_fd_sc_hd__dfxtp_1)
                          -0.213    2.887   library hold time
                                    2.887   data required time
--------------------------------------------------------------------------------
                                    2.887   data required time
                                   -4.133   data arrival time
--------------------------------------------------------------------------------
                                    1.246   slack (MET)


Startpoint: _321_ (rising edge-triggered flip-flop clocked by myclk)
Endpoint: _328_ (rising edge-triggered flip-flop clocked by myclk)
Path Group: myclk
Path Type: max

Fanout      Cap     Slew    Delay     Time   Description
--------------------------------------------------------------------------------
                  0.000    0.000    0.000   clock myclk (rise edge)
                           3.000    3.000   clock network delay (ideal)
                  0.000    0.000    3.000 ^ _321_/CLK (sky130_fd_sc_hd__dfxtp_1)
                  0.829    1.704    4.704 ^ _321_/Q (sky130_fd_sc_hd__dfxtp_1)
   12    0.025                              wptr[1] (net)
                  0.829    0.000    4.704 ^ _160_/B (sky130_fd_sc_hd__xnor2_1)
                  0.848    0.770    5.473 ^ _160_/Y (sky130_fd_sc_hd__xnor2_1)
    3    0.006                              _079_ (net)
                  0.848    0.000    5.473 ^ _161_/C (sky130_fd_sc_hd__nand3_1)
                  0.191    0.522    5.995 v _161_/Y (sky130_fd_sc_hd__nand3_1)
    1    0.002                              _080_ (net)
                  0.191    0.000    5.995 v _164_/A (sky130_fd_sc_hd__nor2_1)
                 13.559   10.756   16.751 ^ _164_/Y (sky130_fd_sc_hd__nor2_1)
    2    0.202                              full (net)
                 13.559    0.000   16.751 ^ _145_/C (sky130_fd_sc_hd__nor4_1)
                  1.880    5.022   21.774 v _145_/Y (sky130_fd_sc_hd__nor4_1)
    8    0.023                              _125_ (net)
                  1.880    0.000   21.774 v _146_/S (sky130_fd_sc_hd__mux2_1)
                  0.166    2.629   24.403 v _146_/X (sky130_fd_sc_hd__mux2_1)
    1    0.001                              _068_ (net)
                  0.166    0.000   24.403 v _328_/D (sky130_fd_sc_hd__dfxtp_1)
                                   24.403   data arrival time

                  0.000   10.000   10.000   clock myclk (rise edge)
                           3.000   13.000   clock network delay (ideal)
                          -0.100   12.900   clock uncertainty
                           0.000   12.900   clock reconvergence pessimism
                                   12.900 ^ _328_/CLK (sky130_fd_sc_hd__dfxtp_1)
                          -0.879   12.021   library setup time
                                   12.021   data required time
--------------------------------------------------------------------------------
                                   12.021   data required time
                                  -24.403   data arrival time
--------------------------------------------------------------------------------
                                  -12.382   slack (VIOLATED)


wns -12.38
tns -225.30
