Startpoint: rst (input port clocked by myclk)
Endpoint: _327_ (rising edge-triggered flip-flop clocked by myclk)
Path Group: myclk
Path Type: min

Fanout      Cap     Slew    Delay     Time   Description
--------------------------------------------------------------------------------
                  0.000    0.000    0.000   clock myclk (rise edge)
                           3.000    3.000   clock network delay (ideal)
                           1.000    4.000 ^ input external delay
                  0.200    0.000    4.000 ^ rst (in)
   13    0.025                              rst (net)
                  0.200    0.000    4.000 ^ _144_/B1 (sky130_fd_sc_hd__a21oi_1)
                  0.047    0.158    4.158 v _144_/Y (sky130_fd_sc_hd__a21oi_1)
    1    0.001                              _067_ (net)
                  0.047    0.000    4.158 v _327_/D (sky130_fd_sc_hd__dfxtp_1)
                                    4.158   data arrival time

                  0.000    0.000    0.000   clock myclk (rise edge)
                           3.000    3.000   clock network delay (ideal)
                           0.100    3.100   clock uncertainty
                           0.000    3.100   clock reconvergence pessimism
                                    3.100 ^ _327_/CLK (sky130_fd_sc_hd__dfxtp_1)
                          -0.357    2.743   library hold time
                                    2.743   data required time
--------------------------------------------------------------------------------
                                    2.743   data required time
                                   -4.158   data arrival time
--------------------------------------------------------------------------------
                                    1.415   slack (MET)


Startpoint: _321_ (rising edge-triggered flip-flop clocked by myclk)
Endpoint: _328_ (rising edge-triggered flip-flop clocked by myclk)
Path Group: myclk
Path Type: max

Fanout      Cap     Slew    Delay     Time   Description
--------------------------------------------------------------------------------
                  0.000    0.000    0.000   clock myclk (rise edge)
                           3.000    3.000   clock network delay (ideal)
                  0.000    0.000    3.000 ^ _321_/CLK (sky130_fd_sc_hd__dfxtp_1)
                  1.303    2.928    5.928 ^ _321_/Q (sky130_fd_sc_hd__dfxtp_1)
   12    0.023                              wptr[1] (net)
                  1.303    0.000    5.928 ^ _160_/B (sky130_fd_sc_hd__xnor2_1)
                  1.583    1.340    7.267 ^ _160_/Y (sky130_fd_sc_hd__xnor2_1)
    3    0.006                              _079_ (net)
                  1.583    0.000    7.267 ^ _161_/C (sky130_fd_sc_hd__nand3_1)
                  0.309    1.002    8.270 v _161_/Y (sky130_fd_sc_hd__nand3_1)
    1    0.002                              _080_ (net)
                  0.309    0.000    8.270 v _164_/A (sky130_fd_sc_hd__nor2_1)
                 23.404   18.563   26.833 ^ _164_/Y (sky130_fd_sc_hd__nor2_1)
    2    0.202                              full (net)
                 23.404    0.000   26.833 ^ _145_/C (sky130_fd_sc_hd__nor4_1)
                  3.539   12.124   38.956 v _145_/Y (sky130_fd_sc_hd__nor4_1)
    8    0.022                              _125_ (net)
                  3.539    0.000   38.956 v _146_/S (sky130_fd_sc_hd__mux2_1)
                  0.304    5.184   44.140 v _146_/X (sky130_fd_sc_hd__mux2_1)
    1    0.001                              _068_ (net)
                  0.304    0.000   44.140 v _328_/D (sky130_fd_sc_hd__dfxtp_1)
                                   44.140   data arrival time

                  0.000   10.000   10.000   clock myclk (rise edge)
                           3.000   13.000   clock network delay (ideal)
                          -0.100   12.900   clock uncertainty
                           0.000   12.900   clock reconvergence pessimism
                                   12.900 ^ _328_/CLK (sky130_fd_sc_hd__dfxtp_1)
                          -1.781   11.119   library setup time
                                   11.119   data required time
--------------------------------------------------------------------------------
                                   11.119   data required time
                                  -44.140   data arrival time
--------------------------------------------------------------------------------
                                  -33.021   slack (VIOLATED)


wns -33.02
tns -906.25
