Startpoint: _288_ (rising edge-triggered flip-flop clocked by myclk)
Endpoint: _288_ (rising edge-triggered flip-flop clocked by myclk)
Path Group: myclk
Path Type: min

Fanout      Cap     Slew    Delay     Time   Description
--------------------------------------------------------------------------------
                  0.000    0.000    0.000   clock myclk (rise edge)
                           3.000    3.000   clock network delay (ideal)
                  0.000    0.000    3.000 ^ _288_/CLK (sky130_fd_sc_hd__dfxtp_1)
                  0.047    0.288    3.288 ^ _288_/Q (sky130_fd_sc_hd__dfxtp_1)
    2    0.003                              mem[2][0] (net)
                  0.047    0.000    3.288 ^ _230_/A0 (sky130_fd_sc_hd__mux2_1)
                  0.034    0.106    3.394 ^ _230_/X (sky130_fd_sc_hd__mux2_1)
    1    0.002                              _028_ (net)
                  0.034    0.000    3.394 ^ _288_/D (sky130_fd_sc_hd__dfxtp_1)
                                    3.394   data arrival time

                  0.000    0.000    0.000   clock myclk (rise edge)
                           3.000    3.000   clock network delay (ideal)
                           0.100    3.100   clock uncertainty
                           0.000    3.100   clock reconvergence pessimism
                                    3.100 ^ _288_/CLK (sky130_fd_sc_hd__dfxtp_1)
                          -0.035    3.065   library hold time
                                    3.065   data required time
--------------------------------------------------------------------------------
                                    3.065   data required time
                                   -3.394   data arrival time
--------------------------------------------------------------------------------
                                    0.329   slack (MET)


Startpoint: _321_ (rising edge-triggered flip-flop clocked by myclk)
Endpoint: full (output port clocked by myclk)
Path Group: myclk
Path Type: max

Fanout      Cap     Slew    Delay     Time   Description
--------------------------------------------------------------------------------
                  0.000    0.000    0.000   clock myclk (rise edge)
                           3.000    3.000   clock network delay (ideal)
                  0.000    0.000    3.000 ^ _321_/CLK (sky130_fd_sc_hd__dfxtp_1)
                  0.270    0.447    3.447 ^ _321_/Q (sky130_fd_sc_hd__dfxtp_1)
   12    0.028                              wptr[1] (net)
                  0.270    0.000    3.447 ^ _160_/B (sky130_fd_sc_hd__xnor2_1)
                  0.210    0.189    3.636 ^ _160_/Y (sky130_fd_sc_hd__xnor2_1)
    3    0.007                              _079_ (net)
                  0.210    0.000    3.636 ^ _161_/C (sky130_fd_sc_hd__nand3_1)
                  0.073    0.098    3.735 v _161_/Y (sky130_fd_sc_hd__nand3_1)
    1    0.002                              _080_ (net)
                  0.073    0.000    3.735 v _164_/A (sky130_fd_sc_hd__nor2_1)
                  3.409    2.531    6.266 ^ _164_/Y (sky130_fd_sc_hd__nor2_1)
    2    0.203                              full (net)
                  3.409    0.000    6.266 ^ full (out)
                                    6.266   data arrival time

                  0.000   10.000   10.000   clock myclk (rise edge)
                           3.000   13.000   clock network delay (ideal)
                          -0.100   12.900   clock uncertainty
                           0.000   12.900   clock reconvergence pessimism
                          -3.000    9.900   output external delay
                                    9.900   data required time
--------------------------------------------------------------------------------
                                    9.900   data required time
                                   -6.266   data arrival time
--------------------------------------------------------------------------------
                                    3.634   slack (MET)


wns 0.00
tns 0.00
